warning: unused imports: `MacroBodyItem` and `MetaIfCondition`
  --> src/pipeline/resolve.rs:20:67
   |
20 |     BindArg, BindDecl, BindValue, FormCapture, FormInlineElement, MacroBodyItem, MacroDefAst,
   |                                                                   ^^^^^^^^^^^^^
21 |     MacroScope, MetaIfCondition, PrimitiveParam,
   |                 ^^^^^^^^^^^^^^^
   |
   = note: `#[warn(unused_imports)]` (part of `#[warn(unused)]`) on by default

warning: `spacetime` (lib) generated 1 warning (run `cargo fix --lib -p spacetime` to apply 1 suggestion)
    Finished `dev` profile [unoptimized + debuginfo] target(s) in 0.22s
     Running `target/debug/spacetime serve projects/spacetime-showcase/ --debug --port 4445`
Dev mode enabled - hot-reload from: projects/spacetime-showcase/
  - Compiles {name}.st for {name}.html (convention-based)
  - Live reload: watching for .st changes
  - Debug panel enabled at /__spacetime/debugger
  - Stdlib: cached with incremental hot-reload (use --fresh-stdlib for full reload)

Spacetime server running at http://127.0.0.1:4445
Debug panel: http://127.0.0.1:4445/__spacetime/debugger
Press Ctrl+C to stop

