=== cargo run -- check projects/unkn/ ===
[32m✓[0m projects/unkn/about/index.st
[32m✓[0m projects/unkn/contact/index.st
[32m✓[0m projects/unkn/expertise/index.st
[32m✓[0m projects/unkn/index.st
[32m✓[0m projects/unkn/modules/_contact.st
[32m✓[0m projects/unkn/modules/_fonts.st
[32m✓[0m projects/unkn/modules/_footer.st
[32m✓[0m projects/unkn/modules/_globals.st
[32m✓[0m projects/unkn/modules/_hero.st
[32m✓[0m projects/unkn/modules/_mission.st
[32m✓[0m projects/unkn/modules/_nav.st
[32m✓[0m projects/unkn/modules/_roster.st
[32m✓[0m projects/unkn/modules/_route.st
[32m✓[0m projects/unkn/modules/_services.st
[32m✓[0m projects/unkn/modules/_shared.st
[32m✓[0m projects/unkn/modules/_theme.st
[32m✓[0m projects/unkn/modules/_why.st
[32m✓[0m projects/unkn/modules/_work.st
[32m✓[0m projects/unkn/patterns/_cursor.st
[32m✓[0m projects/unkn/patterns/_motion.st
[32m✓[0m projects/unkn/patterns/_nav-behavior.st
[32m✓[0m projects/unkn/patterns/_reduced-motion.st
[32m✓[0m projects/unkn/patterns/_reveals.st
[32m✓[0m projects/unkn/talent/index.st
[32m✓[0m projects/unkn/work/index.st
[32m✓[0m All 25 file(s) passed

=== cargo run -- doctor projects/unkn/ --format pretty ===
   = note: `#[warn(unused_imports)]` (part of `#[warn(unused)]`) on by default

[1mSpacetime Doctor[0m  [2mprojects/unkn/[0m

  [1mcheck[0m   [33m0[0m error(s), 1 warning(s) over 1 diagnostic(s)

  [1mroutes[0m
    [2m—[0m / [2mskipped:[0m headless route loop not yet implemented (see FUP-016)

  [1mverdict[0m [32mPASS[0m

=== HTTP checks (server on :5640) ===
/            HTTP 200
/talent      HTTP 200
/work        HTTP 200
/expertise   HTTP 200
/about       HTTP 200
/contact     HTTP 200
