---
source: src/syntax/events/component_body_corpus.rs
expression: render_diags(&diags)
---
E0900 Unrecognized content in component body: `$node any;` | hint: Valid content: HTML elements (<tag>), state declarations ($var type: value), CSS rules (.selector { }), directives (@name), content injections (target <- $var), exports (@exports { $var })
