---
source: src/syntax/events/baseline_tests.rs
expression: cst
---
ROOT
  DIRECTIVE
    AT_SIGN "@"
    IDENT "import"
    ARG ""stdlib""
  SCOPE_BLOCK
    SELECTOR
      SELECTOR_PART "body"
    BODY
      L_BRACE "{"
      VARIABLE_REF
        DOLLAR "$"
        IDENT "user"
        IDENT "object"
        COLON ":"
        BODY
          L_BRACE "{"
          CSS_PROPERTY
            IDENT "name"
            COLON ":"
            CSS_VALUE ""Ada""
          R_BRACE "}"
        SEMICOLON ";"
      VARIABLE_REF "$flag bool: true;"
      R_BRACE "}"
  EOF ""
